
at 3 line,  error: 整数越界;
at 9 line,  error: 整数越界;
